// Jest Snapshot v1, https://goo.gl/fbAQLP

exports[`Snapshot Testing should match the snapshot 1`] = `
{
  "age": 30,
  "name": "John Doe",
}
`;
